// Jest Snapshot v1, https://goo.gl/fbAQLP

exports[`EditProfileContent renders edit profile form and matches snapshot 1`] = `
<div>
  <div
    data-testid="mock-theme"
  />
</div>
`;
