// Jest Snapshot v1, https://goo.gl/fbAQLP

exports[`ProfileContent renders profile content and matches snapshot 1`] = `
<div>
  <div
    data-testid="mock-theme"
  />
</div>
`;
