// Jest Snapshot v1, https://goo.gl/fbAQLP

exports[`LargeLogo Component renders correctly 1`] = `
{
  "asFragment": [Function],
  "baseElement": <body>
    <div>
      <div
        class="CombinedStyling__Div-sc-c3jdxk-0 CombinedStyling__Flex-sc-c3jdxk-2 CombinedStyling__FlexColumn-sc-c3jdxk-4 LargeLogo__LogoWrapper-sc-1bu4w53-0 escqfF ckFvxY leZDxE kYvtBp"
      >
        <svg
          aria-hidden="true"
          class="Icon-sc-btq2kp-0"
          fill="none"
          focusable="false"
          height="51px"
          name="linsta"
          stroke="currentColor"
          stroke-width="2"
          width="196px"
        >
          <use
            href="http://localhost:8080/public/images/sprite.svg#linsta"
          />
        </svg>
      </div>
    </div>
  </body>,
  "container": <div>
    <div
      class="CombinedStyling__Div-sc-c3jdxk-0 CombinedStyling__Flex-sc-c3jdxk-2 CombinedStyling__FlexColumn-sc-c3jdxk-4 LargeLogo__LogoWrapper-sc-1bu4w53-0 escqfF ckFvxY leZDxE kYvtBp"
    >
      <svg
        aria-hidden="true"
        class="Icon-sc-btq2kp-0"
        fill="none"
        focusable="false"
        height="51px"
        name="linsta"
        stroke="currentColor"
        stroke-width="2"
        width="196px"
      >
        <use
          href="http://localhost:8080/public/images/sprite.svg#linsta"
        />
      </svg>
    </div>
  </div>,
  "debug": [Function],
  "findAllByAltText": [Function],
  "findAllByDisplayValue": [Function],
  "findAllByLabelText": [Function],
  "findAllByPlaceholderText": [Function],
  "findAllByRole": [Function],
  "findAllByTestId": [Function],
  "findAllByText": [Function],
  "findAllByTitle": [Function],
  "findByAltText": [Function],
  "findByDisplayValue": [Function],
  "findByLabelText": [Function],
  "findByPlaceholderText": [Function],
  "findByRole": [Function],
  "findByTestId": [Function],
  "findByText": [Function],
  "findByTitle": [Function],
  "getAllByAltText": [Function],
  "getAllByDisplayValue": [Function],
  "getAllByLabelText": [Function],
  "getAllByPlaceholderText": [Function],
  "getAllByRole": [Function],
  "getAllByTestId": [Function],
  "getAllByText": [Function],
  "getAllByTitle": [Function],
  "getByAltText": [Function],
  "getByDisplayValue": [Function],
  "getByLabelText": [Function],
  "getByPlaceholderText": [Function],
  "getByRole": [Function],
  "getByTestId": [Function],
  "getByText": [Function],
  "getByTitle": [Function],
  "queryAllByAltText": [Function],
  "queryAllByDisplayValue": [Function],
  "queryAllByLabelText": [Function],
  "queryAllByPlaceholderText": [Function],
  "queryAllByRole": [Function],
  "queryAllByTestId": [Function],
  "queryAllByText": [Function],
  "queryAllByTitle": [Function],
  "queryByAltText": [Function],
  "queryByDisplayValue": [Function],
  "queryByLabelText": [Function],
  "queryByPlaceholderText": [Function],
  "queryByRole": [Function],
  "queryByTestId": [Function],
  "queryByText": [Function],
  "queryByTitle": [Function],
  "rerender": [Function],
  "store": {
    "@@observable": [Function],
    "dispatch": [Function],
    "getState": [Function],
    "replaceReducer": [Function],
    "subscribe": [Function],
  },
  "unmount": [Function],
}
`;
